------------------------------------------------------------
Timing Analyzer Summary
------------------------------------------------------------

Type  : Slow 1100mV 85C Model Setup 'clk'
Slack : 3.464
TNS   : 0.000

Type  : Slow 1100mV 85C Model Hold 'clk'
Slack : 0.239
TNS   : 0.000

Type  : Slow 1100mV 85C Model Minimum Pulse Width 'clk'
Slack : 4.376
TNS   : 0.000

Type  : Slow 1100mV 0C Model Setup 'clk'
Slack : 3.522
TNS   : 0.000

Type  : Slow 1100mV 0C Model Hold 'clk'
Slack : 0.221
TNS   : 0.000

Type  : Slow 1100mV 0C Model Minimum Pulse Width 'clk'
Slack : 4.302
TNS   : 0.000

Type  : Fast 1100mV 85C Model Setup 'clk'
Slack : 6.318
TNS   : 0.000

Type  : Fast 1100mV 85C Model Hold 'clk'
Slack : 0.142
TNS   : 0.000

Type  : Fast 1100mV 85C Model Minimum Pulse Width 'clk'
Slack : 4.422
TNS   : 0.000

Type  : Fast 1100mV 0C Model Setup 'clk'
Slack : 6.590
TNS   : 0.000

Type  : Fast 1100mV 0C Model Hold 'clk'
Slack : 0.128
TNS   : 0.000

Type  : Fast 1100mV 0C Model Minimum Pulse Width 'clk'
Slack : 4.420
TNS   : 0.000

------------------------------------------------------------
